main.c:95:5:main	16	static
main.c:169:6:SystemClock_Config	88	static
main.c:214:13:MX_ADC1_Init	24	static
main.c:264:13:MX_TIM1_Init	96	static
main.c:339:13:MX_TIM3_Init	32	static
main.c:384:13:MX_TIM11_Init	8	static
main.c:415:13:MX_USART2_UART_Init	8	static
main.c:448:13:MX_GPIO_Init	48	static
main.c:479:6:control_interrupt	4	static
main.c:497:6:HAL_ADC_ConvCpltCallback	16	static
main.c:505:6:HAL_TIM_PeriodElapsedCallback	24	static
main.c:514:21:micros	12	static
main.c:524:6:Error_Handler	4	static,ignoring_inline_asm
